Negative or zero array size allocation. Program will now exit. 
