x=41
x=40
x=39
x=38
x=37
x=36
x=35
x=34
x=33
x=32
x=31
x=30
x=29
x=28
x=27
x=26
x=25
x=24
x=23
x=22
x=21
x=20
x=19
x=18
x=17
x=16
x=15
x=14
x=13
x=12
x=11
x=10
x=9
x=8
x=7
x=6
x=5
x=4
x=3
x=2
x=1
x=0
