should print printed from c
TEST!!printed from c
should print printed from a
TEST!!printed from a
should print printed from c
TEST!!printed from c
should print printed from d
TEST!!printed from d
another test OK
